// Jest Snapshot v1, https://goo.gl/fbAQLP

exports[`List to match snapshot 1`] = `
<div
  className="makeStyles-root-1"
>
  <WithStyles(ForwardRef(Grid))
    container={true}
    spacing={3}
  >
    <WithStyles(ForwardRef(Grid))
      item={true}
      sm={3}
      xs={3}
    >
      <WithStyles(ForwardRef(Paper))
        className="makeStyles-paper-2"
      >
         This is a Book 
      </WithStyles(ForwardRef(Paper))>
    </WithStyles(ForwardRef(Grid))>
    <WithStyles(ForwardRef(Grid))
      item={true}
      sm={3}
      xs={3}
    >
      <WithStyles(ForwardRef(Paper))
        className="makeStyles-paper-2"
      >
         This is a Book 
      </WithStyles(ForwardRef(Paper))>
    </WithStyles(ForwardRef(Grid))>
    <WithStyles(ForwardRef(Grid))
      item={true}
      sm={3}
      xs={3}
    >
      <WithStyles(ForwardRef(Paper))
        className="makeStyles-paper-2"
      >
         This is a Book 
      </WithStyles(ForwardRef(Paper))>
    </WithStyles(ForwardRef(Grid))>
    <WithStyles(ForwardRef(Grid))
      item={true}
      sm={3}
      xs={3}
    >
      <WithStyles(ForwardRef(Paper))
        className="makeStyles-paper-2"
      >
         This is a Book 
      </WithStyles(ForwardRef(Paper))>
    </WithStyles(ForwardRef(Grid))>
  </WithStyles(ForwardRef(Grid))>
</div>
`;
